Microchip MPLAB XC8 Compiler V2.10 (candidate build 20190628064726)

Linker command line:

-W-3 --edf=/opt/microchip/xc8/v2.10/pic/dat/en_msgs.txt -cs \
  -h+dist/free/production/1220_test.production.sym \
  --cmf=dist/free/production/1220_test.production.cmf -z -Q18F1220 \
  -o/tmp/xcX1ooFhu --defsym=__MPLAB_BUILD=1 \
  -Mdist/free/production/1220_test.production.map -E1 -ver=XC8 --acfsm=1493 \
  -ASTACK=080h-0FFh -pstack=STACK -ACODE=00h-0FFFh -ACONST=00h-0FFFh \
  -ASMALLCONST=0100h-01FFhx15 -AMEDIUMCONST=0100h-0FFFh -ACOMRAM=01h-07Fh \
  -AABS1=00h-0FFh -ABIGRAM=01h-0FFh -ARAM=080h-0FFh -ABANK0=080h-0FFh \
  -ASFR=0F80h-0FFFh -preset_vec=00h,intcode,intcodelo,powerup,init \
  -pramtop=0100h -psmallconst=SMALLCONST -pmediumconst=MEDIUMCONST \
  -pconst=CONST -AFARRAM=00h-00h -ACONFIG=0300000h-030000Dh -pconfig=CONFIG \
  -AIDLOC=0200000h-0200007h -pidloc=IDLOC -AEEDATA=0F00000h-0F000FFh \
  -peeprom_data=EEDATA \
  -prdata=COMRAM,nvrram=COMRAM,nvbit=COMRAM,rbss=COMRAM,rbit=COMRAM \
  -pfarbss=FARRAM,fardata=FARRAM,nvFARRAM=FARRAM \
  -pintsave_regs=BIGRAM,bigbss=BIGRAM,bigdata=BIGRAM -pbss=RAM \
  -pidata=CODE,irdata=CODE,ibigdata=CODE,ifardata=CODE -prparam=COMRAM \
  /tmp/xcXHVTSG3.o dist/free/production/1220_test.production.o 

Object code version is 3.11

Machine type is 18F1220

Call graph: (short form)




                Name                               Link     Load   Length Selector   Space Scale
/tmp/xcXHVTSG3.o
                init                                  2        2        4        0       0
                reset_vec                             0        0        2        0       0
                idloc                            200000   200000        8   200000       0
                config                           300000   300000        E   300000       0
dist/free/production/1220_test.production.o
                text1                               FB6      FB6       16      7DB       0
                text0                               FCC      FCC       34      7E6       0
                cstackCOMRAM                          1        1        C        1       1
                cinit                               FB0      FB0        6      7D8       0

TOTAL           Name                               Link     Load   Length     Space
        CLASS   STACK          

        CLASS   CODE           
                init                                  2        2        4         0
                reset_vec                             0        0        2         0
                text1                               FB6      FB6       16         0
                text0                               FCC      FCC       34         0
                cinit                               FB0      FB0        6         0

        CLASS   CONST          

        CLASS   SMALLCONST     

        CLASS   MEDIUMCONST    

        CLASS   COMRAM         
                cstackCOMRAM                          1        1        C         1

        CLASS   ABS1           

        CLASS   BIGRAM         

        CLASS   RAM            

        CLASS   BANK0          

        CLASS   SFR            

        CLASS   FARRAM         

        CLASS   CONFIG         
                config                           300000   300000        E         0

        CLASS   IDLOC          
                idloc                            200000   200000        8         0

        CLASS   EEDATA         



SEGMENTS        Name                           Load    Length   Top    Selector   Space  Class

                reset_vec                      000000  000006  000006         0       0  CODE    
                cstackCOMRAM                   000001  00000C  00000D         1       1  COMRAM  
                cinit                          000FB0  000006  000FB6       7D8       0  CODE    
                text1                          000FB6  000016  000FCC       7DB       0  CODE    
                text0                          000FCC  000034  001000       7E6       0  CODE    
                idloc                          200000  000008  200008    200000       0  IDLOC   
                config                         300000  00000E  30000E    300000       0  CONFIG  


UNUSED ADDRESS RANGES

        Name                Unused          Largest block    Delta
        BANK0            000080-0000FF               80
        BIGRAM           00000D-0000FF               F3
        CODE             000006-000FAF              FAA
        COMRAM           00000D-00007F               73
        CONST            000006-000FAF              FAA
        EEDATA           F00000-F000FF              100
        MEDIUMCONST      000100-000FAF              EB0
        RAM              000080-0000FF               80
        SFR              000F80-000FFF               80
        SMALLCONST       000100-000FAF              100
        STACK            000080-0000FF               80

                                  Symbol Table

?_add                    cstackCOMRAM 000001
__HRAM                   (abs)        000000
__Habs1                  abs1         000000
__Hbank0                 bank0        000000
__Hbigbss                bigbss       000000
__Hbigdata               bigdata      000000
__Hbigram                bigram       000000
__Hbss                   bss          000000
__Hcinit                 cinit        000000
__Hclrtext               clrtext      000000
__Hcomram                comram       000000
__Hconfig                config       30000E
__Hconst                 const        000000
__HcstackCOMRAM          cstackCOMRAM 000000
__Hdata                  data         000000
__Heeprom_data           eeprom_data  000000
__Hfarbss                farbss       000000
__Hfardata               fardata      000000
__Hibigdata              ibigdata     000000
__Hidata                 idata        000000
__Hidloc                 idloc        200008
__Hifardata              ifardata     000000
__Hinit                  init         000006
__Hintcode               intcode      000002
__Hintcode_body          intcode_body 000000
__Hintcodelo             intcodelo    000002
__Hintentry              intentry     000000
__Hintret                intret       000000
__Hintsave_regs          intsave_regs 000000
__Hirdata                irdata       000000
__Hmediumconst           mediumconst  000000
__HnvFARRAM              nvFARRAM     000000
__Hnvbit                 nvbit        000000
__Hnvrram                nvrram       000000
__Hparam                 rparam       000000
__Hpowerup               powerup      000002
__Hram                   ram          000000
__Hramtop                ramtop       000100
__Hrbit                  rbit         000000
__Hrbss                  rbss         000000
__Hrdata                 rdata        000000
__Hreset_vec             reset_vec    000002
__Hrparam                rparam       000000
__Hsfr                   sfr          000000
__Hsmallconst            smallconst   000000
__Hspace_0               (abs)        30000E
__Hspace_1               (abs)        00000D
__Hspace_2               (abs)        000000
__Hstack                 stack        000000
__Hstruct                struct       000000
__Htemp                  temp         000000
__Htext                  text         000000
__Htext0                 text0        000000
__Htext1                 text1        000000
__LRAM                   (abs)        000001
__Labs1                  abs1         000000
__Lbank0                 bank0        000000
__Lbigbss                bigbss       000000
__Lbigdata               bigdata      000000
__Lbigram                bigram       000000
__Lbss                   bss          000000
__Lcinit                 cinit        000000
__Lclrtext               clrtext      000000
__Lcomram                comram       000000
__Lconfig                config       300000
__Lconst                 const        000000
__LcstackCOMRAM          cstackCOMRAM 000000
__Ldata                  data         000000
__Leeprom_data           eeprom_data  000000
__Lfarbss                farbss       000000
__Lfardata               fardata      000000
__Libigdata              ibigdata     000000
__Lidata                 idata        000000
__Lidloc                 idloc        200000
__Lifardata              ifardata     000000
__Linit                  init         000002
__Lintcode               intcode      000002
__Lintcode_body          intcode_body 000000
__Lintcodelo             intcodelo    000002
__Lintentry              intentry     000000
__Lintret                intret       000000
__Lintsave_regs          intsave_regs 000000
__Lirdata                irdata       000000
__Lmediumconst           mediumconst  000000
__LnvFARRAM              nvFARRAM     000000
__Lnvbit                 nvbit        000000
__Lnvrram                nvrram       000000
__Lparam                 rparam       000000
__Lpowerup               powerup      000002
__Lram                   ram          000000
__Lramtop                ramtop       000100
__Lrbit                  rbit         000000
__Lrbss                  rbss         000000
__Lrdata                 rdata        000000
__Lreset_vec             reset_vec    000000
__Lrparam                rparam       000000
__Lsfr                   sfr          000000
__Lsmallconst            smallconst   000000
__Lspace_0               (abs)        000000
__Lspace_1               (abs)        000000
__Lspace_2               (abs)        000000
__Lstack                 stack        000000
__Lstruct                struct       000000
__Ltemp                  temp         000000
__Ltext                  text         000000
__Ltext0                 text0        000000
__Ltext1                 text1        000000
__S0                     (abs)        30000E
__S1                     (abs)        00000D
__S2                     (abs)        000000
___inthi_sp              stack        000000
___intlo_sp              stack        000000
___param_bank            (abs)        000000
___rparam_used           (abs)        000001
___sp                    stack        000000
__accesstop              (abs)        000080
__activetblptr           (abs)        000000
__end_of__initialization cinit        000FB0
__end_of_add             text1        000FCC
__end_of_main            text0        001000
__initialization         cinit        000FB0
__mediumconst            mediumconst  000000
__pcinit                 cinit        000FB0
__pcstackCOMRAM          cstackCOMRAM 000001
__ptext0                 text0        000FCC
__ptext1                 text1        000FB6
__ramtop                 ramtop       000100
__size_of_add            (abs)        000000
__size_of_main           (abs)        000000
__smallconst             smallconst   000000
_add                     text1        000FB6
_main                    text0        000FCC
add@a                    cstackCOMRAM 000001
add@b                    cstackCOMRAM 000003
add@m                    cstackCOMRAM 000005
end_of_initialization    cinit        000FB0
intlevel0                text         000000
intlevel1                text         000000
intlevel2                text         000000
intlevel3                text         000000
main@d                   cstackCOMRAM 000009
main@e                   cstackCOMRAM 00000B
stackhi                  (abs)        0000FF
stacklo                  (abs)        000080
start                    init         000002
start_initialization     cinit        000FB0


FUNCTION INFORMATION:

 *************** function _main *****************
 Defined at:
		line 4 in file "SourceFiles/newmain.c"
 Parameters:    Size  Location     Type
		None
 Auto vars:     Size  Location     Type
  e               2   10[COMRAM] int 
  d               2    8[COMRAM] int 
  c               2    0        int 
 Return value:  Size  Location     Type
                  1    wreg      void 
 Registers used:
		wreg, status,2, status,0, cstack
 Tracked objects:
		On entry : 
		On exit  : 
		Unchanged: 
 Data sizes:     COMRAM   BANK0
      Params:         0       0
      Locals:         6       0
      Temps:          0       0
      Totals:         6       0
Total ram usage:        6 bytes
 Hardware stack levels required when called:    1
 This function calls:
		_add
 This function is called by:
		Startup code after reset
 This function uses a non-reentrant model


 *************** function _add *****************
 Defined at:
		line 12 in file "SourceFiles/newmain.c"
 Parameters:    Size  Location     Type
  a               2    0[COMRAM] int 
  b               2    2[COMRAM] int 
 Auto vars:     Size  Location     Type
  m               2    4[COMRAM] int 
 Return value:  Size  Location     Type
                  2    0[COMRAM] int 
 Registers used:
		wreg, status,2, status,0
 Tracked objects:
		On entry : 
		On exit  : 
		Unchanged: 
 Data sizes:     COMRAM   BANK0
      Params:         4       0
      Locals:         2       0
      Temps:          0       0
      Totals:         6       0
Total ram usage:        6 bytes
 Hardware stack levels used:    1
 This function calls:
		Nothing
 This function is called by:
		_main
 This function uses a non-reentrant model



MODULE INFORMATION

Module		Function		Class		Link	Load	Size
SourceFiles/newmain.c
		_main          		CODE           	0FCC	0000	53
		_add           		CODE           	0FB6	0000	23

SourceFiles/newmain.c estimated size: 76

shared
		__initialization		CODE           	0FB0	0000	1

shared estimated size: 1

